// Jest Snapshot v1, https://goo.gl/fbAQLP

exports[`should render EditExpense page correctly 1`] = `
<div>
  <ExpenseForm
    expense={
      Object {
        "amount": 2500,
        "createdAt": 345600000,
        "description": "RENT",
        "id": "3",
        "note": "",
      }
    }
    onSubmit={[Function]}
  />
  <button
    onClick={[Function]}
  >
    remove
  </button>
</div>
`;
