// Jest Snapshot v1, https://goo.gl/fbAQLP

exports[`should render expense list item 1`] = `
<div>
  <Link
    to="/edit/1"
  >
    <h1>
      STC
    </h1>
  </Link>
  <p>
    $5.00
     -
    January 1st, 1970
  </p>
</div>
`;
